// Jest Snapshot v1, https://goo.gl/fbAQLP

exports[`ProductList component Products list renders correctly 1`] = `
<DocumentFragment>
  <div
    class="sc-bcXHqe SGnSj"
  >
    <select
      class="sc-gswNZR hnRSQm"
      name="Sort by"
    >
      <option
        selected=""
        value="0"
      >
        Default sorting
      </option>
      <option
        value="1"
      >
        Alphabetical
      </option>
      <option
        value="2"
      >
        Lowest price
      </option>
      <option
        value="3"
      >
        Highest price
      </option>
    </select>
  </div>
  <div
    class="sc-ftTHYK iKvzqA"
  >
    <div
      class="sc-eDvSVe gIeMic"
    >
      <div
        class="sc-jSUZER"
      >
        <img
          alt="Mniam Mniam Food"
        />
      </div>
      <p
        class="sc-gKPRtg csZcBY"
      >
        Mniam Mniam Food
      </p>
      <div
        class="sc-iBYQkv kzNpzW"
      >
        <p
          class="sc-gKPRtg csZcBY"
        >
          5 $
        </p>
        <button
          class="sc-hLBbgP iGGqbO"
          type="button"
        >
          <img
            alt="plus icon"
            src="plus.png"
          />
        </button>
      </div>
    </div>
    <div
      class="sc-eDvSVe gIeMic"
    >
      <div
        class="sc-jSUZER"
      >
        <img
          alt="Mniam Mniam Food as adsdasdasd"
        />
      </div>
      <p
        class="sc-gKPRtg csZcBY"
      >
        Mniam Mniam Food as adsdasdasd
      </p>
      <div
        class="sc-iBYQkv kzNpzW"
      >
        <p
          class="sc-gKPRtg csZcBY"
        >
          5 $
        </p>
        <button
          class="sc-hLBbgP iGGqbO"
          type="button"
        >
          <img
            alt="plus icon"
            src="plus.png"
          />
        </button>
      </div>
    </div>
  </div>
</DocumentFragment>
`;
